// Jest Snapshot v1, https://goo.gl/fbAQLP

exports[`Radio Group 是否正确渲染 1`] = `
<div
  className="adui-radio-group"
>
  <label
    aria-checked={false}
    className="adui-radio-base adui-radio-large"
    onClick={[Function]}
    onKeyDown={[Function]}
    role="radio"
  >
    <span
      className="adui-radio-indicator"
    />
    <span>
      children0
    </span>
  </label>
  <label
    aria-checked={false}
    className="adui-radio-base adui-radio-large"
    onClick={[Function]}
    onKeyDown={[Function]}
    role="radio"
  >
    <span
      className="adui-radio-indicator"
    />
    <span>
      children1
    </span>
  </label>
</div>
`;
