// Jest Snapshot v1, https://goo.gl/fbAQLP

exports[`Switch Switch 是否正确渲染 1`] = `
<span
  aria-checked={false}
  className="adui-switch-wrapper adui-switch-small"
  onClick={[Function]}
  onKeyPress={[Function]}
  role="switch"
  tabIndex={0}
>
  <span
    className="adui-switch-base"
  >
    <i
      className="adui-switch-indicator"
    />
  </span>
</span>
`;
